# Batch 3 — R-list fixes (recorded 2026-09-21T17:46:44Z)

$ npm run typecheck --prefix frontend

> shuangling-k12-frontend@0.1.0 typecheck
> tsc -b --pretty false


$ npm test --prefix frontend

 Test Files  19 passed (19)
      Tests  133 passed (133)
   Start at  01:46:46
   Duration  1.30s (transform 1.79s, setup 0ms, collect 4.97s, tests 2.14s, environment 7.48s, prepare 1.30s)


$ npm run build --prefix frontend
(!) Some chunks are larger than 500 kB after minification. Consider:
- Using dynamic import() to code-split the application
- Use build.rollupOptions.output.manualChunks to improve chunking: https://rollupjs.org/configuration-options/#output-manualchunks
- Adjust chunk size limit for this warning via build.chunkSizeWarningLimit.
✓ built in 1.49s

$ (cd frontend && npx playwright test --config playwright.ui.config.ts --reporter=list)
  ✓  13 src/e2e/ui-reuse.spec.ts:264:1 › login and onboarding preserve the authenticated flow (514ms)
  ✓  14 src/e2e/ui-reuse.spec.ts:284:1 › classroom and pet share a run and block duplicate asks (571ms)
  ✓  15 src/e2e/ui-reuse.spec.ts:344:1 › calm background stays decorative and degrades to static (811ms)

  15 passed (17.1s)
