# Batch 2 — B02 calm background (recorded 2026-09-21T17:41:07Z)
# commands run from the repo root with --prefix frontend

$ npm run typecheck --prefix frontend

> shuangling-k12-frontend@0.1.0 typecheck
> tsc -b --pretty false


$ npm test --prefix frontend

 Test Files  18 passed (18)
      Tests  129 passed (129)
   Start at  01:41:09
   Duration  1.27s (transform 1.73s, setup 0ms, collect 4.56s, tests 1.90s, environment 6.96s, prepare 1.24s)


$ npm run build --prefix frontend
dist/assets/CodeLabPage-Brp6bn4e.js     5.20 kB │ gzip:   2.13 kB
dist/assets/index-DJWSKNG3.js         951.77 kB │ gzip: 309.18 kB

(!) Some chunks are larger than 500 kB after minification. Consider:
- Using dynamic import() to code-split the application
- Use build.rollupOptions.output.manualChunks to improve chunking: https://rollupjs.org/configuration-options/#output-manualchunks
- Adjust chunk size limit for this warning via build.chunkSizeWarningLimit.
✓ built in 1.45s

$ (cd frontend && npx playwright test --config playwright.ui.config.ts --reporter=list)
  ✓  12 src/e2e/ui-reuse.spec.ts:218:1 › student pages retain navigation, rendering, settings and code editing (6.1s)
  ✓  13 src/e2e/ui-reuse.spec.ts:264:1 › login and onboarding preserve the authenticated flow (512ms)
  ✓  14 src/e2e/ui-reuse.spec.ts:284:1 › classroom and pet share a run and block duplicate asks (549ms)
  ✓  15 src/e2e/ui-reuse.spec.ts:344:1 › calm background stays decorative and degrades to static (738ms)

  15 passed (16.6s)
